---
source: crates/converters/json/src/lib.rs
expression: deserialized_breadboard
---
{
  "places": [
    {
      "name": "Registration",
      "description": [],
      "items": [
        {
          "affordance": {
            "name": "Username",
            "description": [],
            "connections": [],
            "level": 0
          }
        },
        {
          "affordance": {
            "name": "Password",
            "description": [],
            "connections": [],
            "level": 0
          }
        },
        {
          "affordance": {
            "name": "Sign Up",
            "description": [],
            "connections": [
              {
                "target_place": "Home",
                "description": "success"
              },
              {
                "target_place": "Support",
                "description": "failure"
              }
            ],
            "level": 0
          }
        },
        {
          "reference": {
            "name": "Header",
            "level": 0
          }
        }
      ],
      "position": {
        "x": -10,
        "y": {
          "place": "Support",
          "offset": 20,
          "pivot": "Left"
        }
      },
      "sketch": {
        "path": "sketches/registration.png",
        "areas": [
          {
            "top_left": [
              50,
              20
            ],
            "width": 110,
            "height": 40,
            "affordance": "Sign Up"
          }
        ]
      }
    },
    {
      "name": "Support",
      "description": [],
      "items": [
        {
          "affordance": {
            "name": "Error Message",
            "description": [],
            "connections": [],
            "level": 0
          }
        },
        {
          "affordance": {
            "name": "Try Again",
            "description": [],
            "connections": [
              {
                "target_place": "Registration",
                "description": null
              }
            ],
            "level": 0
          }
        },
        {
          "reference": {
            "name": "Header",
            "level": 0
          }
        }
      ],
      "position": null,
      "sketch": {
        "path": "sketches/support.png",
        "areas": [
          {
            "top_left": [
              50,
              20
            ],
            "width": 110,
            "height": 40,
            "affordance": "Try Again"
          }
        ]
      }
    },
    {
      "name": "Home",
      "description": [],
      "items": [
        {
          "affordance": {
            "name": "Dashboard",
            "description": [],
            "connections": [],
            "level": 0
          }
        },
        {
          "reference": {
            "name": "Header",
            "level": 0
          }
        }
      ],
      "position": null,
      "sketch": {
        "path": "sketches/home.png",
        "areas": []
      }
    }
  ],
  "components": [
    {
      "name": "Header",
      "description": [],
      "items": [
        {
          "affordance": {
            "name": "Logo",
            "description": [],
            "connections": [],
            "level": 0
          }
        },
        {
          "affordance": {
            "name": "Contact",
            "description": [],
            "connections": [],
            "level": 0
          }
        }
      ],
      "position": null,
      "sketch": null
    }
  ]
}
