---
source: crates/parser/src/lib.rs
expression: parse(case)
---
Ok(
    Breadboard {
        places: [
            Place {
                name: "PlaceComment",
                description: [
                    "A comment as a description for the place.",
                ],
                affordances: [],
                component_references: [],
                position: None,
                sketch: None,
            },
        ],
        components: [],
    },
)
