---
source: crates/parser/src/lib.rs
expression: parse(case)
---
Ok(
    Breadboard {
        places: [
            Place {
                name: "Registration",
                description: [],
                items: [
                    Reference(
                        Reference {
                            name: "Header",
                            level: 0,
                        },
                    ),
                    Affordance(
                        Affordance {
                            name: "Username",
                            description: [],
                            connections: [],
                            level: 0,
                        },
                    ),
                    Affordance(
                        Affordance {
                            name: "Password",
                            description: [],
                            connections: [],
                            level: 0,
                        },
                    ),
                    Affordance(
                        Affordance {
                            name: "Sign Up",
                            description: [],
                            connections: [
                                Connection {
                                    target_place: "Home",
                                    description: Some(
                                        "success",
                                    ),
                                },
                                Connection {
                                    target_place: "Support",
                                    description: Some(
                                        "failure",
                                    ),
                                },
                            ],
                            level: 0,
                        },
                    ),
                ],
                position: None,
                sketch: Some(
                    Sketch {
                        path: "sketches/registration.png",
                        areas: [
                            Area {
                                top_left: (
                                    50,
                                    20,
                                ),
                                width: 20,
                                height: 60,
                                affordance: "Sign Up",
                            },
                        ],
                    },
                ),
            },
            Place {
                name: "Support",
                description: [],
                items: [
                    Reference(
                        Reference {
                            name: "Header",
                            level: 0,
                        },
                    ),
                    Affordance(
                        Affordance {
                            name: "Error Message",
                            description: [],
                            connections: [],
                            level: 0,
                        },
                    ),
                    Affordance(
                        Affordance {
                            name: "Try Again",
                            description: [],
                            connections: [
                                Connection {
                                    target_place: "Registration",
                                    description: None,
                                },
                            ],
                            level: 0,
                        },
                    ),
                ],
                position: Some(
                    Position {
                        x: Relative {
                            place: "Registration",
                            offset: 0,
                            pivot: Right,
                        },
                        y: Relative {
                            place: "Registration",
                            offset: 0,
                            pivot: Center,
                        },
                    },
                ),
                sketch: Some(
                    Sketch {
                        path: "sketches/registration.png",
                        areas: [
                            Area {
                                top_left: (
                                    50,
                                    20,
                                ),
                                width: 20,
                                height: 60,
                                affordance: "Try Again",
                            },
                        ],
                    },
                ),
            },
            Place {
                name: "Home",
                description: [],
                items: [
                    Reference(
                        Reference {
                            name: "Header",
                            level: 0,
                        },
                    ),
                    Affordance(
                        Affordance {
                            name: "Dashboard",
                            description: [],
                            connections: [],
                            level: 0,
                        },
                    ),
                ],
                position: Some(
                    Position {
                        x: Absolute(
                            0,
                        ),
                        y: Relative {
                            place: "Registration",
                            offset: -12,
                            pivot: Top,
                        },
                    },
                ),
                sketch: Some(
                    Sketch {
                        path: "sketches/home.png",
                        areas: [],
                    },
                ),
            },
        ],
        components: [
            Component(
                Place {
                    name: "Header",
                    description: [],
                    items: [
                        Affordance(
                            Affordance {
                                name: "Logo",
                                description: [],
                                connections: [],
                                level: 0,
                            },
                        ),
                        Affordance(
                            Affordance {
                                name: "Contact",
                                description: [],
                                connections: [],
                                level: 0,
                            },
                        ),
                    ],
                    position: None,
                    sketch: None,
                },
            ),
        ],
    },
)
