---
source: crates/parser/src/lib.rs
expression: parse(case)
---
Ok(
    Breadboard {
        places: [
            Place {
                name: "Home",
                affordances: [],
                component_references: [],
                sketch: None,
            },
        ],
        components: [],
    },
)
